src/lib/supabase/middleware.ts(20,14): error TS7006: Parameter 'cookiesToSet' implicitly has an 'any' type.
src/lib/supabase/middleware.ts(22,33): error TS7031: Binding element 'name' implicitly has an 'any' type.
src/lib/supabase/middleware.ts(22,39): error TS7031: Binding element 'value' implicitly has an 'any' type.
src/lib/supabase/middleware.ts(22,46): error TS7031: Binding element 'options' implicitly has an 'any' type.
src/lib/supabase/server.ts(15,16): error TS7006: Parameter 'cookiesToSet' implicitly has an 'any' type.
src/lib/supabase/server.ts(17,37): error TS7031: Binding element 'name' implicitly has an 'any' type.
src/lib/supabase/server.ts(17,43): error TS7031: Binding element 'value' implicitly has an 'any' type.
src/lib/supabase/server.ts(17,50): error TS7031: Binding element 'options' implicitly has an 'any' type.
